#
# A fatal error has been detected by the Java Runtime Environment:
#
#  SIGSEGV (0xb) at pc=0x00007684282a8ca9, pid=23030, tid=23085
#
# JRE version: OpenJDK Runtime Environment (21.0.11+10) (build 21.0.11+10-1-26.04.2-Ubuntu)
# Java VM: OpenJDK 64-Bit Server VM (21.0.11+10-1-26.04.2-Ubuntu, mixed mode, sharing, tiered, compressed oops, compressed class ptrs, g1 gc, linux-amd64)
# Problematic frame:
# C  [ld-linux-x86-64.so.2+0x1cca9]  __tls_get_addr+0x39
#
# Core dump will be written. Default location: Core dumps may be processed with "/usr/share/apport/apport -p%p -s%s -c%c -d%d -P%P -u%u -g%g -F%F -- %E" (or dumping to /home/gustavodev/Documentos/def4ult-crm/def4ultcompany-crm/core.23030)
#
# If you would like to submit a bug report, please visit:
#   https://bugs.launchpad.net/ubuntu/+source/openjdk-21
#

---------------  S U M M A R Y ------------

Command Line: --enable-native-access=ALL-UNNAMED -Djansi.mode=force -Dclassworlds.conf=/usr/share/maven/bin/m2.conf -Dmaven.home=/usr/share/maven -Dlibrary.jansi.path=/usr/share/maven/lib/jansi-native -Dmaven.multiModuleProjectDirectory=/home/gustavodev/Documentos/def4ult-crm/def4ultcompany-crm org.codehaus.plexus.classworlds.launcher.Launcher clean

Host: AMD Ryzen 5 4500 6-Core Processor, 12 cores, 14G, Ubuntu 26.04 LTS
Time: Tue Jul 28 18:19:30 2026 -03 elapsed time: 0.148296 seconds (0d 0h 0m 0s)

---------------  T H R E A D  ---------------

Current thread (0x000076842015e100):  JavaThread "C2 CompilerThread0" daemon [_thread_in_native, id=23085, stack(0x00007683f5c00000,0x00007683f5d00000) (1024K)]


Current CompileTask:
C2:148  428       4       java.lang.StringLatin1::indexOf (121 bytes)

Stack: [0x00007683f5c00000,0x00007683f5d00000],  sp=0x00007683f5cfb220,  free space=1004k
Native frames: (J=compiled Java code, j=interpreted, Vv=VM code, C=native code)
C  [ld-linux-x86-64.so.2+0x1cca9]  __tls_get_addr+0x39
V  [libjvm.so+0xbf259b]  IdealLoopTree::loop_predication(PhaseIdealLoop*)+0x14b
V  [libjvm.so+0xc1ea95]  PhaseIdealLoop::build_and_optimize()+0x12c5
V  [libjvm.so+0x67bb86]  Compile::optimize_loops(PhaseIterGVN&, LoopOptsMode)+0x2a6
V  [libjvm.so+0x686e0d]  Compile::Optimize()+0xaed
V  [libjvm.so+0x6886d8]  Compile::Compile(ciEnv*, ciMethod*, int, Options, DirectiveSet*)+0xeb8
V  [libjvm.so+0x5a3cfd]  C2Compiler::compile_method(ciEnv*, ciMethod*, int, bool, DirectiveSet*)+0x19d
V  [libjvm.so+0x68efed]  CompileBroker::invoke_compiler_on_method(CompileTask*)+0xcbd
V  [libjvm.so+0x6923c8]  CompileBroker::compiler_thread_loop()+0x6d8
V  [libjvm.so+0x95c383]  JavaThread::thread_main_inner()+0x1e3
V  [libjvm.so+0xffaf90]  Thread::call_run()+0xb0
V  [libjvm.so+0xd5e1b5]  thread_native_entry(Thread*)+0xd5
C  [libc.so.6+0xa407a]

siginfo: si_signo: 11 (SIGSEGV), si_code: 128 (SI_KERNEL), si_addr: 0x0000000000000000

Registers:
RAX=0x000076838812c1b8, RBX=0x000076838807ddb0, RCX=0x000076837c108d10, RDX=0x000076838812c1f8
RSP=0x00007683f5cfb220, RBP=0x00007683f5cfb4c0, RSI=0x0000000000000000, RDI=0x000076842015c550
R8 =0x000076838807ddb0, R9 =0x0000000000000000, R10=0x0000000000000200, R11=0x000076842015c550
R12=0x00007683f5cfb8c0, R13=0x000000003f5936e7, R14=0x0000000000000000, R15=0x00007683f5cfb8c0
RIP=0x00007684282a8ca9, EFLAGS=0x0000000000010216, CSGSFS=0x002b000000000033, ERR=0x0000000000000000
  TRAPNO=0x000000000000000d

XMM[0]=0x0000000000000000 0x000000003f5936e7
XMM[1]=0x0000000000000000 0x000000003f5936e7
XMM[2]=0x0000000000000000 0x0000000000000000
XMM[3]=0x0000000000000000 0x0000000000000000
XMM[4]=0x000076838805bce8 0x0000001300000001
XMM[5]=0x0000000000000001 0x000076837c10d6f8
XMM[6]=0x0000000000000001 0x000076837c0cecc8
XMM[7]=0x0000000000000000 0x000000003e2f1304
XMM[8]=0x0000000000000001 0x000076838805ba98
XMM[9]=0x0000000000000000 0x46293e5939a08cea
XMM[10]=0x0000000000000000 0x4376345785d8a000
XMM[11]=0x0000768388096f10 0x0000768388096eb0
XMM[12]=0xc19bf1749bdc06a7 0x80deb1fe72be5d74
XMM[13]=0x550c7dc3243185be 0x12835b01d807aa98
XMM[14]=0xab1c5ed5923f82a4 0x59f111f13956c25b
XMM[15]=0x0000000000000000 0x0000000000000000
  MXCSR=0x00001fa2


Register to memory mapping:

RAX=0x000076838812c1b8 points into unknown readable memory: 0x000076837c054b88 | 88 4b 05 7c 83 76 00 00
RBX=0x000076838807ddb0 points into unknown readable memory: 0x000076838807c490 | 90 c4 07 88 83 76 00 00
RCX=0x000076837c108d10 points into unknown readable memory: 0x0000000000000000 | 00 00 00 00 00 00 00 00
RDX=0x000076838812c1f8 points into unknown readable memory: 0x6e616c2e6176616a | 6a 61 76 61 2e 6c 61 6e
RSP=0x00007683f5cfb220 is pointing into the stack for thread: 0x000076842015e100
RBP=0x00007683f5cfb4c0 is pointing into the stack for thread: 0x000076842015e100
RSI=0x0 is null
RDI=0x000076842015c550 points into unknown readable memory: 0x0000000768420107 | 07 01 42 68 07 00 00 00
R8 =0x000076838807ddb0 points into unknown readable memory: 0x000076838807c490 | 90 c4 07 88 83 76 00 00
R9 =0x0 is null
R10=0x0000000000000200 is an unknown value
R11=0x000076842015c550 points into unknown readable memory: 0x0000000768420107 | 07 01 42 68 07 00 00 00
R12=0x00007683f5cfb8c0 is pointing into the stack for thread: 0x000076842015e100
R13=0x000000003f5936e7 is an unknown value
R14=0x0 is null
R15=0x00007683f5cfb8c0 is pointing into the stack for thread: 0x000076842015e100

Top of Stack: (sp=0x00007683f5cfb220)
0x00007683f5cfb220:   00007683f5cfb390 000076837c0521f0   .....v...!.|.v..
0x00007683f5cfb230:   00007683f5cfb2c0 000076837c0d3d50   .....v..P=.|.v..
0x00007683f5cfb240:   000076837c10b1e8 000076842015c550   ...|.v..P.. .v..
0x00007683f5cfb250:   000076837c054a70 3f815c2c7c0fb2d8   pJ.|.v.....|,\.?
0x00007683f5cfb260:   00007683f5cfb3d0 000076837c0521f0   .....v...!.|.v..
0x00007683f5cfb270:   000076837c108cb8 000076837c055538   ...|.v..8U.|.v..
0x00007683f5cfb280:   0000000000000000 000076838807ddb0   .............v..
0x00007683f5cfb290:   0000768388129be8 40cb044200000000   .....v......B..@
0x00007683f5cfb2a0:   000076842015c550 0000768300000004   P.. .v.......v..
0x00007683f5cfb2b0:   0000768388129db8 0000768400000000   .....v.......v..
0x00007683f5cfb2c0:   000076842015c550 0000768300000004   P.. .v.......v..
0x00007683f5cfb2d0:   0000768388129dd8 0000768400000001   .....v.......v..
0x00007683f5cfb2e0:   000076842015c550 0000768300000004   P.. .v.......v..
0x00007683f5cfb2f0:   0000768388129cc0 000076842015c550   .....v..P.. .v..
0x00007683f5cfb300:   000076837c0d3160 000076837c0d3d50   `1.|.v..P=.|.v..
0x00007683f5cfb310:   000076837c0d46c0 000076837c0d3160   .F.|.v..`1.|.v..
0x00007683f5cfb320:   000076837c0d46c0 000076838807ddb0   .F.|.v.......v..
0x00007683f5cfb330:   000076837c10b288 0000768388129c18   ...|.v.......v..
0x00007683f5cfb340:   000076837c054a70 000076837c055538   pJ.|.v..8U.|.v..
0x00007683f5cfb350:   000076837c055ec0 000076837c054a70   .^.|.v..pJ.|.v..
0x00007683f5cfb360:   000076837c055ec0 0000000000000000   .^.|.v..........
0x00007683f5cfb370:   000076837c109998 000076838812bda8   ...|.v.......v..
0x00007683f5cfb380:   000076838812c1b8 000076838812bdb8   .....v.......v..
0x00007683f5cfb390:   000076842015c550 0000000800000000   P.. .v..........
0x00007683f5cfb3a0:   000076838812bd98 0000000000000000   .....v..........
0x00007683f5cfb3b0:   00000400000003d6 000076838812ab88   .............v..
0x00007683f5cfb3c0:   0000000000000000 00007683f5cfb8c0   .............v..
0x00007683f5cfb3d0:   0000768300000020 000076838812a268    ....v..h....v..
0x00007683f5cfb3e0:   0000768300000020 000076842015c550    ....v..P.. .v..
0x00007683f5cfb3f0:   0000768300000008 000076838812a2e8   .....v.......v..
0x00007683f5cfb400:   0000768300000008 000076842015c550   .....v..P.. .v..
0x00007683f5cfb410:   0000768388129ce0 0000768388129d90   .....v.......v..

Instructions: (pc=0x00007684282a8ca9)
0x00007684282a8ba9:   48 8b 74 24 f0 64 48 2b 04 25 00 00 00 00 48 8b
0x00007684282a8bb9:   7c 24 f8 c3 48 89 5c 24 e8 48 89 e3 48 83 e4 c0
0x00007684282a8bc9:   48 2b 25 48 10 02 00 48 89 0c 24 48 89 54 24 08
0x00007684282a8bd9:   4c 89 44 24 10 4c 89 4c 24 18 4c 89 54 24 20 4c
0x00007684282a8be9:   89 5c 24 28 b8 ef 00 0e 00 31 d2 48 89 94 24 50
0x00007684282a8bf9:   02 00 00 48 89 94 24 58 02 00 00 48 89 94 24 60
0x00007684282a8c09:   02 00 00 48 89 94 24 68 02 00 00 48 89 94 24 70
0x00007684282a8c19:   02 00 00 48 89 94 24 78 02 00 00 0f c7 64 24 40
0x00007684282a8c29:   e8 92 9d ff ff 48 89 c1 b8 ef 00 0e 00 31 d2 0f
0x00007684282a8c39:   ae 6c 24 40 48 89 c8 4c 8b 5c 24 28 4c 8b 54 24
0x00007684282a8c49:   20 4c 8b 4c 24 18 4c 8b 44 24 10 48 8b 54 24 08
0x00007684282a8c59:   48 8b 0c 24 48 89 dc 48 8b 5c 24 e8 e9 3f ff ff
0x00007684282a8c69:   ff 66 0f 1f 44 00 00 f3 0f 1e fa 64 48 8b 14 25
0x00007684282a8c79:   08 00 00 00 48 8b 05 6c 0b 02 00 48 39 02 75 16
0x00007684282a8c89:   48 8b 07 48 c1 e0 04 48 8b 04 02 48 83 f8 ff 74
0x00007684282a8c99:   05 48 03 47 08 c3 55 48 89 e5 48 83 e4 f0 e8 f4
0x00007684282a8ca9:   a0 ff ff 48 89 ec 5d c3 66 2e 0f 1f 84 00 00 00
0x00007684282a8cb9:   00 00 0f 1f 44 00 00 f3 0f 1e fa 55 48 89 e5 41
0x00007684282a8cc9:   57 41 56 49 89 f6 41 55 41 54 53 48 89 fb 48 83
0x00007684282a8cd9:   ec 18 4c 8b af 38 04 00 00 4d 85 ed 0f 84 4d 02
0x00007684282a8ce9:   00 00 4d 8b 7d 08 49 8b 7d 10 4c 8b a3 90 04 00
0x00007684282a8cf9:   00 4b 8d 04 7f 48 8d 14 bd 00 00 00 00 48 39 c2
0x00007684282a8d09:   0f 83 49 01 00 00 49 63 c6 31 d2 49 8b 7d 00 49
0x00007684282a8d19:   f7 f7 89 d0 48 8d 34 c7 48 8b 06 48 85 c0 0f 84
0x00007684282a8d29:   80 00 00 00 4c 3b 70 08 0f 84 0f 01 00 00 89 d1
0x00007684282a8d39:   49 8d 77 fe 49 63 c6 31 d2 48 f7 f6 83 c2 01 eb
0x00007684282a8d49:   40 66 2e 0f 1f 84 00 00 00 00 00 66 66 2e 0f 1f
0x00007684282a8d59:   84 00 00 00 00 00 66 66 2e 0f 1f 84 00 00 00 00
0x00007684282a8d69:   00 66 66 2e 0f 1f 84 00 00 00 00 00 66 66 2e 0f
0x00007684282a8d79:   1f 84 00 00 00 00 00 4c 3b 70 08 0f 84 bc 00 00
0x00007684282a8d89:   00 8d 04 11 89 c6 48 89 c1 44 29 fe 4c 39 f8 0f
0x00007684282a8d99:   43 ce 89 ce 48 0f 43 c6 48 8d 34 c7 48 8b 06 48


Stack slot to memory mapping:

stack at sp + 0 slots: 0x00007683f5cfb390 is pointing into the stack for thread: 0x000076842015e100
stack at sp + 1 slots: 0x000076837c0521f0 points into unknown readable memory: 0x0000768427f17e98 | 98 7e f1 27 84 76 00 00
stack at sp + 2 slots: 0x00007683f5cfb2c0 is pointing into the stack for thread: 0x000076842015e100
stack at sp + 3 slots: 0x000076837c0d3d50 points into unknown readable memory: 0x0000768427f1ab90 | 90 ab f1 27 84 76 00 00
stack at sp + 4 slots: 0x000076837c10b1e8 points into unknown readable memory: 0x0000768427f18f20 | 20 8f f1 27 84 76 00 00
stack at sp + 5 slots: 0x000076842015c550 points into unknown readable memory: 0x0000000768420107 | 07 01 42 68 07 00 00 00
stack at sp + 6 slots: 0x000076837c054a70 points into unknown readable memory: 0x0000768427f1ab90 | 90 ab f1 27 84 76 00 00
stack at sp + 7 slots: 0x3f815c2c7c0fb2d8 is an unknown value


---------------  P R O C E S S  ---------------

Threads class SMR info:
_java_thread_list=0x000076837c134330, length=11, elements={
0x000076842001a680, 0x0000768420156c80, 0x0000768420158200, 0x00007684201599b0,
0x000076842015b000, 0x000076842015c5b0, 0x000076842015e100, 0x000076842015f7d0,
0x0000768420198600, 0x000076842019ba60, 0x000076837c133720
}

Java Threads: ( => current thread )
  0x000076842001a680 JavaThread "main"                              [_thread_in_Java, id=23072, stack(0x0000768426500000,0x0000768426600000) (1024K)]
  0x0000768420156c80 JavaThread "Reference Handler"          daemon [_thread_blocked, id=23080, stack(0x0000768404100000,0x0000768404200000) (1024K)]
  0x0000768420158200 JavaThread "Finalizer"                  daemon [_thread_blocked, id=23081, stack(0x0000768404000000,0x0000768404100000) (1024K)]
  0x00007684201599b0 JavaThread "Signal Dispatcher"          daemon [_thread_blocked, id=23082, stack(0x00007683f5f00000,0x00007683f6000000) (1024K)]
  0x000076842015b000 JavaThread "Service Thread"             daemon [_thread_blocked, id=23083, stack(0x00007683f5e00000,0x00007683f5f00000) (1024K)]
  0x000076842015c5b0 JavaThread "Monitor Deflation Thread"   daemon [_thread_blocked, id=23084, stack(0x00007683f5d00000,0x00007683f5e00000) (1024K)]
=>0x000076842015e100 JavaThread "C2 CompilerThread0"         daemon [_thread_in_native, id=23085, stack(0x00007683f5c00000,0x00007683f5d00000) (1024K)]
  0x000076842015f7d0 JavaThread "C1 CompilerThread0"         daemon [_thread_in_native, id=23086, stack(0x00007683f5b00000,0x00007683f5c00000) (1024K)]
  0x0000768420198600 JavaThread "Notification Thread"        daemon [_thread_blocked, id=23088, stack(0x00007683f592f000,0x00007683f5a2f000) (1024K)]
  0x000076842019ba60 JavaThread "Common-Cleaner"             daemon [_thread_blocked, id=23089, stack(0x00007683f582f000,0x00007683f592f000) (1024K)]
  0x000076837c133720 JavaThread "C2 CompilerThread1"         daemon [_thread_blocked, id=23093, stack(0x00007683f572f000,0x00007683f582f000) (1024K)]
Total: 11

Other Threads:
  0x000076842014d9b0 VMThread "VM Thread"                           [id=23079, stack(0x0000768404552000,0x0000768404652000) (1024K)]
  0x000076842013bec0 WatcherThread "VM Periodic Task Thread"        [id=23078, stack(0x0000768404653000,0x0000768404753000) (1024K)]
  0x00007684200800a0 WorkerThread "GC Thread#0"                     [id=23073, stack(0x00007684248ba000,0x00007684249ba000) (1024K)]
  0x0000768420090570 ConcurrentGCThread "G1 Main Marker"            [id=23074, stack(0x00007684247b9000,0x00007684248b9000) (1024K)]
  0x0000768420091520 WorkerThread "G1 Conc#0"                       [id=23075, stack(0x00007684246b8000,0x00007684247b8000) (1024K)]
  0x0000768420129810 ConcurrentGCThread "G1 Refine#0"               [id=23076, stack(0x0000768404855000,0x0000768404955000) (1024K)]
  0x000076842012a7e0 ConcurrentGCThread "G1 Service"                [id=23077, stack(0x0000768404754000,0x0000768404854000) (1024K)]
Total: 7

Threads with active compile tasks:
C2 CompilerThread0  203  428       4       java.lang.StringLatin1::indexOf (121 bytes)
C1 CompilerThread0  203  647       3       sun.util.locale.LanguageTag::parsePrivateuse (144 bytes)
Total: 2

VM state: not at safepoint (normal execution)

VM Mutex/Monitor currently owned by a thread:  ([mutex/lock_event])
[0x0000768427f9e5f8] MethodCompileQueue_lock - owner thread: 0x000076842001a680

Heap address: 0x0000000711600000, size: 3818 MB, Compressed Oops mode: Zero based, Oop shift amount: 3

CDS archive(s) mapped at: [0x00007683a7000000-0x00007683a7c9c000-0x00007683a7c9c000), size 13221888, SharedBaseAddress: 0x00007683a7000000, ArchiveRelocationMode: 1.
Compressed class space mapped at: 0x00007683a8000000-0x00007683e8000000, reserved size: 1073741824
Narrow klass base: 0x00007683a7000000, Narrow klass shift: 0, Narrow klass range: 0x100000000

GC Precious Log:
 CardTable entry size: 512
 Card Set container configuration: InlinePtr #cards 4 size 8 Array Of Cards #cards 16 size 48 Howl #buckets 8 coarsen threshold 3686 Howl Bitmap #cards 512 size 80 coarsen threshold 460 Card regions per heap region 1 cards per card region 4096
 CPUs: 12 total, 12 available
 Memory: 15264M
 Large Page Support: Disabled
 NUMA Support: Disabled
 Compressed Oops: Enabled (Zero based)
 Heap Region Size: 2M
 Heap Min Capacity: 8M
 Heap Initial Capacity: 240M
 Heap Max Capacity: 3818M
 Pre-touch: Disabled
 Parallel Workers: 10
 Concurrent Workers: 3
 Concurrent Refinement Workers: 10
 Periodic GC: Disabled

Heap:
 garbage-first heap   total 247808K, used 9265K [0x0000000711600000, 0x0000000800000000)
  region size 2048K, 5 young (10240K), 0 survivors (0K)
 Metaspace       used 2578K, committed 2752K, reserved 1114112K
  class space    used 251K, committed 320K, reserved 1048576K

Heap Regions: E=young(eden), S=young(survivor), O=old, HS=humongous(starts), HC=humongous(continues), CS=collection set, F=free, TAMS=top-at-mark-start, PB=parsable bottom
|   0|0x0000000711600000, 0x0000000711600000, 0x0000000711800000|  0%| F|  |TAMS 0x0000000711600000| PB 0x0000000711600000| Untracked 
|   1|0x0000000711800000, 0x0000000711800000, 0x0000000711a00000|  0%| F|  |TAMS 0x0000000711800000| PB 0x0000000711800000| Untracked 
|   2|0x0000000711a00000, 0x0000000711a00000, 0x0000000711c00000|  0%| F|  |TAMS 0x0000000711a00000| PB 0x0000000711a00000| Untracked 
|   3|0x0000000711c00000, 0x0000000711c00000, 0x0000000711e00000|  0%| F|  |TAMS 0x0000000711c00000| PB 0x0000000711c00000| Untracked 
|   4|0x0000000711e00000, 0x0000000711e00000, 0x0000000712000000|  0%| F|  |TAMS 0x0000000711e00000| PB 0x0000000711e00000| Untracked 
|   5|0x0000000712000000, 0x0000000712000000, 0x0000000712200000|  0%| F|  |TAMS 0x0000000712000000| PB 0x0000000712000000| Untracked 
|   6|0x0000000712200000, 0x0000000712200000, 0x0000000712400000|  0%| F|  |TAMS 0x0000000712200000| PB 0x0000000712200000| Untracked 
|   7|0x0000000712400000, 0x0000000712400000, 0x0000000712600000|  0%| F|  |TAMS 0x0000000712400000| PB 0x0000000712400000| Untracked 
|   8|0x0000000712600000, 0x0000000712600000, 0x0000000712800000|  0%| F|  |TAMS 0x0000000712600000| PB 0x0000000712600000| Untracked 
|   9|0x0000000712800000, 0x0000000712800000, 0x0000000712a00000|  0%| F|  |TAMS 0x0000000712800000| PB 0x0000000712800000| Untracked 
|  10|0x0000000712a00000, 0x0000000712a00000, 0x0000000712c00000|  0%| F|  |TAMS 0x0000000712a00000| PB 0x0000000712a00000| Untracked 
|  11|0x0000000712c00000, 0x0000000712c00000, 0x0000000712e00000|  0%| F|  |TAMS 0x0000000712c00000| PB 0x0000000712c00000| Untracked 
|  12|0x0000000712e00000, 0x0000000712e00000, 0x0000000713000000|  0%| F|  |TAMS 0x0000000712e00000| PB 0x0000000712e00000| Untracked 
|  13|0x0000000713000000, 0x0000000713000000, 0x0000000713200000|  0%| F|  |TAMS 0x0000000713000000| PB 0x0000000713000000| Untracked 
|  14|0x0000000713200000, 0x0000000713200000, 0x0000000713400000|  0%| F|  |TAMS 0x0000000713200000| PB 0x0000000713200000| Untracked 
|  15|0x0000000713400000, 0x0000000713400000, 0x0000000713600000|  0%| F|  |TAMS 0x0000000713400000| PB 0x0000000713400000| Untracked 
|  16|0x0000000713600000, 0x0000000713600000, 0x0000000713800000|  0%| F|  |TAMS 0x0000000713600000| PB 0x0000000713600000| Untracked 
|  17|0x0000000713800000, 0x0000000713800000, 0x0000000713a00000|  0%| F|  |TAMS 0x0000000713800000| PB 0x0000000713800000| Untracked 
|  18|0x0000000713a00000, 0x0000000713a00000, 0x0000000713c00000|  0%| F|  |TAMS 0x0000000713a00000| PB 0x0000000713a00000| Untracked 
|  19|0x0000000713c00000, 0x0000000713c00000, 0x0000000713e00000|  0%| F|  |TAMS 0x0000000713c00000| PB 0x0000000713c00000| Untracked 
|  20|0x0000000713e00000, 0x0000000713e00000, 0x0000000714000000|  0%| F|  |TAMS 0x0000000713e00000| PB 0x0000000713e00000| Untracked 
|  21|0x0000000714000000, 0x0000000714000000, 0x0000000714200000|  0%| F|  |TAMS 0x0000000714000000| PB 0x0000000714000000| Untracked 
|  22|0x0000000714200000, 0x0000000714200000, 0x0000000714400000|  0%| F|  |TAMS 0x0000000714200000| PB 0x0000000714200000| Untracked 
|  23|0x0000000714400000, 0x0000000714400000, 0x0000000714600000|  0%| F|  |TAMS 0x0000000714400000| PB 0x0000000714400000| Untracked 
|  24|0x0000000714600000, 0x0000000714600000, 0x0000000714800000|  0%| F|  |TAMS 0x0000000714600000| PB 0x0000000714600000| Untracked 
|  25|0x0000000714800000, 0x0000000714800000, 0x0000000714a00000|  0%| F|  |TAMS 0x0000000714800000| PB 0x0000000714800000| Untracked 
|  26|0x0000000714a00000, 0x0000000714a00000, 0x0000000714c00000|  0%| F|  |TAMS 0x0000000714a00000| PB 0x0000000714a00000| Untracked 
|  27|0x0000000714c00000, 0x0000000714c00000, 0x0000000714e00000|  0%| F|  |TAMS 0x0000000714c00000| PB 0x0000000714c00000| Untracked 
|  28|0x0000000714e00000, 0x0000000714e00000, 0x0000000715000000|  0%| F|  |TAMS 0x0000000714e00000| PB 0x0000000714e00000| Untracked 
|  29|0x0000000715000000, 0x0000000715000000, 0x0000000715200000|  0%| F|  |TAMS 0x0000000715000000| PB 0x0000000715000000| Untracked 
|  30|0x0000000715200000, 0x0000000715200000, 0x0000000715400000|  0%| F|  |TAMS 0x0000000715200000| PB 0x0000000715200000| Untracked 
|  31|0x0000000715400000, 0x0000000715400000, 0x0000000715600000|  0%| F|  |TAMS 0x0000000715400000| PB 0x0000000715400000| Untracked 
|  32|0x0000000715600000, 0x0000000715600000, 0x0000000715800000|  0%| F|  |TAMS 0x0000000715600000| PB 0x0000000715600000| Untracked 
|  33|0x0000000715800000, 0x0000000715800000, 0x0000000715a00000|  0%| F|  |TAMS 0x0000000715800000| PB 0x0000000715800000| Untracked 
|  34|0x0000000715a00000, 0x0000000715a00000, 0x0000000715c00000|  0%| F|  |TAMS 0x0000000715a00000| PB 0x0000000715a00000| Untracked 
|  35|0x0000000715c00000, 0x0000000715c00000, 0x0000000715e00000|  0%| F|  |TAMS 0x0000000715c00000| PB 0x0000000715c00000| Untracked 
|  36|0x0000000715e00000, 0x0000000715e00000, 0x0000000716000000|  0%| F|  |TAMS 0x0000000715e00000| PB 0x0000000715e00000| Untracked 
|  37|0x0000000716000000, 0x0000000716000000, 0x0000000716200000|  0%| F|  |TAMS 0x0000000716000000| PB 0x0000000716000000| Untracked 
|  38|0x0000000716200000, 0x0000000716200000, 0x0000000716400000|  0%| F|  |TAMS 0x0000000716200000| PB 0x0000000716200000| Untracked 
|  39|0x0000000716400000, 0x0000000716400000, 0x0000000716600000|  0%| F|  |TAMS 0x0000000716400000| PB 0x0000000716400000| Untracked 
|  40|0x0000000716600000, 0x0000000716600000, 0x0000000716800000|  0%| F|  |TAMS 0x0000000716600000| PB 0x0000000716600000| Untracked 
|  41|0x0000000716800000, 0x0000000716800000, 0x0000000716a00000|  0%| F|  |TAMS 0x0000000716800000| PB 0x0000000716800000| Untracked 
|  42|0x0000000716a00000, 0x0000000716a00000, 0x0000000716c00000|  0%| F|  |TAMS 0x0000000716a00000| PB 0x0000000716a00000| Untracked 
|  43|0x0000000716c00000, 0x0000000716c00000, 0x0000000716e00000|  0%| F|  |TAMS 0x0000000716c00000| PB 0x0000000716c00000| Untracked 
|  44|0x0000000716e00000, 0x0000000716e00000, 0x0000000717000000|  0%| F|  |TAMS 0x0000000716e00000| PB 0x0000000716e00000| Untracked 
|  45|0x0000000717000000, 0x0000000717000000, 0x0000000717200000|  0%| F|  |TAMS 0x0000000717000000| PB 0x0000000717000000| Untracked 
|  46|0x0000000717200000, 0x0000000717200000, 0x0000000717400000|  0%| F|  |TAMS 0x0000000717200000| PB 0x0000000717200000| Untracked 
|  47|0x0000000717400000, 0x0000000717400000, 0x0000000717600000|  0%| F|  |TAMS 0x0000000717400000| PB 0x0000000717400000| Untracked 
|  48|0x0000000717600000, 0x0000000717600000, 0x0000000717800000|  0%| F|  |TAMS 0x0000000717600000| PB 0x0000000717600000| Untracked 
|  49|0x0000000717800000, 0x0000000717800000, 0x0000000717a00000|  0%| F|  |TAMS 0x0000000717800000| PB 0x0000000717800000| Untracked 
|  50|0x0000000717a00000, 0x0000000717a00000, 0x0000000717c00000|  0%| F|  |TAMS 0x0000000717a00000| PB 0x0000000717a00000| Untracked 
|  51|0x0000000717c00000, 0x0000000717c00000, 0x0000000717e00000|  0%| F|  |TAMS 0x0000000717c00000| PB 0x0000000717c00000| Untracked 
|  52|0x0000000717e00000, 0x0000000717e00000, 0x0000000718000000|  0%| F|  |TAMS 0x0000000717e00000| PB 0x0000000717e00000| Untracked 
|  53|0x0000000718000000, 0x0000000718000000, 0x0000000718200000|  0%| F|  |TAMS 0x0000000718000000| PB 0x0000000718000000| Untracked 
|  54|0x0000000718200000, 0x0000000718200000, 0x0000000718400000|  0%| F|  |TAMS 0x0000000718200000| PB 0x0000000718200000| Untracked 
|  55|0x0000000718400000, 0x0000000718400000, 0x0000000718600000|  0%| F|  |TAMS 0x0000000718400000| PB 0x0000000718400000| Untracked 
|  56|0x0000000718600000, 0x0000000718600000, 0x0000000718800000|  0%| F|  |TAMS 0x0000000718600000| PB 0x0000000718600000| Untracked 
|  57|0x0000000718800000, 0x0000000718800000, 0x0000000718a00000|  0%| F|  |TAMS 0x0000000718800000| PB 0x0000000718800000| Untracked 
|  58|0x0000000718a00000, 0x0000000718a00000, 0x0000000718c00000|  0%| F|  |TAMS 0x0000000718a00000| PB 0x0000000718a00000| Untracked 
|  59|0x0000000718c00000, 0x0000000718c00000, 0x0000000718e00000|  0%| F|  |TAMS 0x0000000718c00000| PB 0x0000000718c00000| Untracked 
|  60|0x0000000718e00000, 0x0000000718e00000, 0x0000000719000000|  0%| F|  |TAMS 0x0000000718e00000| PB 0x0000000718e00000| Untracked 
|  61|0x0000000719000000, 0x0000000719000000, 0x0000000719200000|  0%| F|  |TAMS 0x0000000719000000| PB 0x0000000719000000| Untracked 
|  62|0x0000000719200000, 0x0000000719200000, 0x0000000719400000|  0%| F|  |TAMS 0x0000000719200000| PB 0x0000000719200000| Untracked 
|  63|0x0000000719400000, 0x0000000719400000, 0x0000000719600000|  0%| F|  |TAMS 0x0000000719400000| PB 0x0000000719400000| Untracked 
|  64|0x0000000719600000, 0x0000000719600000, 0x0000000719800000|  0%| F|  |TAMS 0x0000000719600000| PB 0x0000000719600000| Untracked 
|  65|0x0000000719800000, 0x0000000719800000, 0x0000000719a00000|  0%| F|  |TAMS 0x0000000719800000| PB 0x0000000719800000| Untracked 
|  66|0x0000000719a00000, 0x0000000719a00000, 0x0000000719c00000|  0%| F|  |TAMS 0x0000000719a00000| PB 0x0000000719a00000| Untracked 
|  67|0x0000000719c00000, 0x0000000719c00000, 0x0000000719e00000|  0%| F|  |TAMS 0x0000000719c00000| PB 0x0000000719c00000| Untracked 
|  68|0x0000000719e00000, 0x0000000719e00000, 0x000000071a000000|  0%| F|  |TAMS 0x0000000719e00000| PB 0x0000000719e00000| Untracked 
|  69|0x000000071a000000, 0x000000071a000000, 0x000000071a200000|  0%| F|  |TAMS 0x000000071a000000| PB 0x000000071a000000| Untracked 
|  70|0x000000071a200000, 0x000000071a200000, 0x000000071a400000|  0%| F|  |TAMS 0x000000071a200000| PB 0x000000071a200000| Untracked 
|  71|0x000000071a400000, 0x000000071a400000, 0x000000071a600000|  0%| F|  |TAMS 0x000000071a400000| PB 0x000000071a400000| Untracked 
|  72|0x000000071a600000, 0x000000071a600000, 0x000000071a800000|  0%| F|  |TAMS 0x000000071a600000| PB 0x000000071a600000| Untracked 
|  73|0x000000071a800000, 0x000000071a800000, 0x000000071aa00000|  0%| F|  |TAMS 0x000000071a800000| PB 0x000000071a800000| Untracked 
|  74|0x000000071aa00000, 0x000000071aa00000, 0x000000071ac00000|  0%| F|  |TAMS 0x000000071aa00000| PB 0x000000071aa00000| Untracked 
|  75|0x000000071ac00000, 0x000000071ac00000, 0x000000071ae00000|  0%| F|  |TAMS 0x000000071ac00000| PB 0x000000071ac00000| Untracked 
|  76|0x000000071ae00000, 0x000000071ae00000, 0x000000071b000000|  0%| F|  |TAMS 0x000000071ae00000| PB 0x000000071ae00000| Untracked 
|  77|0x000000071b000000, 0x000000071b000000, 0x000000071b200000|  0%| F|  |TAMS 0x000000071b000000| PB 0x000000071b000000| Untracked 
|  78|0x000000071b200000, 0x000000071b200000, 0x000000071b400000|  0%| F|  |TAMS 0x000000071b200000| PB 0x000000071b200000| Untracked 
|  79|0x000000071b400000, 0x000000071b400000, 0x000000071b600000|  0%| F|  |TAMS 0x000000071b400000| PB 0x000000071b400000| Untracked 
|  80|0x000000071b600000, 0x000000071b600000, 0x000000071b800000|  0%| F|  |TAMS 0x000000071b600000| PB 0x000000071b600000| Untracked 
|  81|0x000000071b800000, 0x000000071b800000, 0x000000071ba00000|  0%| F|  |TAMS 0x000000071b800000| PB 0x000000071b800000| Untracked 
|  82|0x000000071ba00000, 0x000000071ba00000, 0x000000071bc00000|  0%| F|  |TAMS 0x000000071ba00000| PB 0x000000071ba00000| Untracked 
|  83|0x000000071bc00000, 0x000000071bc00000, 0x000000071be00000|  0%| F|  |TAMS 0x000000071bc00000| PB 0x000000071bc00000| Untracked 
|  84|0x000000071be00000, 0x000000071be00000, 0x000000071c000000|  0%| F|  |TAMS 0x000000071be00000| PB 0x000000071be00000| Untracked 
|  85|0x000000071c000000, 0x000000071c000000, 0x000000071c200000|  0%| F|  |TAMS 0x000000071c000000| PB 0x000000071c000000| Untracked 
|  86|0x000000071c200000, 0x000000071c200000, 0x000000071c400000|  0%| F|  |TAMS 0x000000071c200000| PB 0x000000071c200000| Untracked 
|  87|0x000000071c400000, 0x000000071c400000, 0x000000071c600000|  0%| F|  |TAMS 0x000000071c400000| PB 0x000000071c400000| Untracked 
|  88|0x000000071c600000, 0x000000071c600000, 0x000000071c800000|  0%| F|  |TAMS 0x000000071c600000| PB 0x000000071c600000| Untracked 
|  89|0x000000071c800000, 0x000000071c800000, 0x000000071ca00000|  0%| F|  |TAMS 0x000000071c800000| PB 0x000000071c800000| Untracked 
|  90|0x000000071ca00000, 0x000000071ca00000, 0x000000071cc00000|  0%| F|  |TAMS 0x000000071ca00000| PB 0x000000071ca00000| Untracked 
|  91|0x000000071cc00000, 0x000000071cc00000, 0x000000071ce00000|  0%| F|  |TAMS 0x000000071cc00000| PB 0x000000071cc00000| Untracked 
|  92|0x000000071ce00000, 0x000000071ce00000, 0x000000071d000000|  0%| F|  |TAMS 0x000000071ce00000| PB 0x000000071ce00000| Untracked 
|  93|0x000000071d000000, 0x000000071d000000, 0x000000071d200000|  0%| F|  |TAMS 0x000000071d000000| PB 0x000000071d000000| Untracked 
|  94|0x000000071d200000, 0x000000071d200000, 0x000000071d400000|  0%| F|  |TAMS 0x000000071d200000| PB 0x000000071d200000| Untracked 
|  95|0x000000071d400000, 0x000000071d400000, 0x000000071d600000|  0%| F|  |TAMS 0x000000071d400000| PB 0x000000071d400000| Untracked 
|  96|0x000000071d600000, 0x000000071d600000, 0x000000071d800000|  0%| F|  |TAMS 0x000000071d600000| PB 0x000000071d600000| Untracked 
|  97|0x000000071d800000, 0x000000071d800000, 0x000000071da00000|  0%| F|  |TAMS 0x000000071d800000| PB 0x000000071d800000| Untracked 
|  98|0x000000071da00000, 0x000000071da00000, 0x000000071dc00000|  0%| F|  |TAMS 0x000000071da00000| PB 0x000000071da00000| Untracked 
|  99|0x000000071dc00000, 0x000000071dc00000, 0x000000071de00000|  0%| F|  |TAMS 0x000000071dc00000| PB 0x000000071dc00000| Untracked 
| 100|0x000000071de00000, 0x000000071de00000, 0x000000071e000000|  0%| F|  |TAMS 0x000000071de00000| PB 0x000000071de00000| Untracked 
| 101|0x000000071e000000, 0x000000071e000000, 0x000000071e200000|  0%| F|  |TAMS 0x000000071e000000| PB 0x000000071e000000| Untracked 
| 102|0x000000071e200000, 0x000000071e200000, 0x000000071e400000|  0%| F|  |TAMS 0x000000071e200000| PB 0x000000071e200000| Untracked 
| 103|0x000000071e400000, 0x000000071e400000, 0x000000071e600000|  0%| F|  |TAMS 0x000000071e400000| PB 0x000000071e400000| Untracked 
| 104|0x000000071e600000, 0x000000071e600000, 0x000000071e800000|  0%| F|  |TAMS 0x000000071e600000| PB 0x000000071e600000| Untracked 
| 105|0x000000071e800000, 0x000000071e800000, 0x000000071ea00000|  0%| F|  |TAMS 0x000000071e800000| PB 0x000000071e800000| Untracked 
| 106|0x000000071ea00000, 0x000000071ea00000, 0x000000071ec00000|  0%| F|  |TAMS 0x000000071ea00000| PB 0x000000071ea00000| Untracked 
| 107|0x000000071ec00000, 0x000000071ec00000, 0x000000071ee00000|  0%| F|  |TAMS 0x000000071ec00000| PB 0x000000071ec00000| Untracked 
| 108|0x000000071ee00000, 0x000000071ee00000, 0x000000071f000000|  0%| F|  |TAMS 0x000000071ee00000| PB 0x000000071ee00000| Untracked 
| 109|0x000000071f000000, 0x000000071f000000, 0x000000071f200000|  0%| F|  |TAMS 0x000000071f000000| PB 0x000000071f000000| Untracked 
| 110|0x000000071f200000, 0x000000071f200000, 0x000000071f400000|  0%| F|  |TAMS 0x000000071f200000| PB 0x000000071f200000| Untracked 
| 111|0x000000071f400000, 0x000000071f400000, 0x000000071f600000|  0%| F|  |TAMS 0x000000071f400000| PB 0x000000071f400000| Untracked 
| 112|0x000000071f600000, 0x000000071f600000, 0x000000071f800000|  0%| F|  |TAMS 0x000000071f600000| PB 0x000000071f600000| Untracked 
| 113|0x000000071f800000, 0x000000071f800000, 0x000000071fa00000|  0%| F|  |TAMS 0x000000071f800000| PB 0x000000071f800000| Untracked 
| 114|0x000000071fa00000, 0x000000071fa00000, 0x000000071fc00000|  0%| F|  |TAMS 0x000000071fa00000| PB 0x000000071fa00000| Untracked 
| 115|0x000000071fc00000, 0x000000071fc70a58, 0x000000071fe00000| 22%| E|  |TAMS 0x000000071fc00000| PB 0x000000071fc00000| Complete 
| 116|0x000000071fe00000, 0x0000000720000000, 0x0000000720000000|100%| E|CS|TAMS 0x000000071fe00000| PB 0x000000071fe00000| Complete 
| 117|0x0000000720000000, 0x0000000720200000, 0x0000000720200000|100%| E|CS|TAMS 0x0000000720000000| PB 0x0000000720000000| Complete 
| 118|0x0000000720200000, 0x0000000720400000, 0x0000000720400000|100%| E|CS|TAMS 0x0000000720200000| PB 0x0000000720200000| Complete 
| 119|0x0000000720400000, 0x0000000720600000, 0x0000000720600000|100%| E|CS|TAMS 0x0000000720400000| PB 0x0000000720400000| Complete 
|1908|0x00000007ffe00000, 0x00000007fff0c5f8, 0x0000000800000000| 52%| O|  |TAMS 0x00000007ffe00000| PB 0x00000007ffe00000| Untracked 

Card table byte_map: [0x0000768424a36000,0x00007684251ab000] _byte_map_base: 0x00007684211ab000

Marking Bits: (CMBitMap*) 0x0000768420080be0
 Bits: [0x0000768404c58000, 0x0000768408800000)

Polling page: 0x0000768428277000

Metaspace:

Usage:
  Non-class:      2,28 MB used.
      Class:    251,41 KB used.
       Both:      2,53 MB used.

Virtual space:
  Non-class space:       64,00 MB reserved,       2,38 MB (  4%) committed,  1 nodes.
      Class space:        1,00 GB reserved,     320,00 KB ( <1%) committed,  1 nodes.
             Both:        1,06 GB reserved,       2,69 MB ( <1%) committed. 

Chunk freelists:
   Non-Class:  11,04 MB
       Class:  15,61 MB
        Both:  26,65 MB

MaxMetaspaceSize: unlimited
CompressedClassSpaceSize: 1,00 GB
Initial GC threshold: 21,00 MB
Current GC threshold: 21,00 MB
CDS: on
 - commit_granule_bytes: 65536.
 - commit_granule_words: 8192.
 - virtual_space_node_default_size: 8388608.
 - enlarge_chunks_in_place: 1.
 - use_allocation_guard: 0.


Internal statistics:

num_allocs_failed_limit: 0.
num_arena_births: 34.
num_arena_deaths: 0.
num_vsnodes_births: 2.
num_vsnodes_deaths: 0.
num_space_committed: 43.
num_space_uncommitted: 0.
num_chunks_returned_to_freelist: 0.
num_chunks_taken_from_freelist: 90.
num_chunk_merges: 0.
num_chunk_splits: 58.
num_chunks_enlarged: 45.
num_inconsistent_stats: 0.

CodeHeap 'non-profiled nmethods': size=120028Kb used=187Kb max_used=187Kb free=119840Kb
 bounds [0x00007684102c9000, 0x0000768410539000, 0x0000768417800000]
CodeHeap 'profiled nmethods': size=120028Kb used=1128Kb max_used=1128Kb free=118899Kb
 bounds [0x0000768408800000, 0x0000768408a70000, 0x000076840fd37000]
CodeHeap 'non-nmethods': size=5704Kb used=1312Kb max_used=1328Kb free=4391Kb
 bounds [0x000076840fd37000, 0x000076840ffa7000, 0x00007684102c9000]
CodeCache: size=245760Kb, used=2627Kb, max_used=2643Kb, free=243130Kb
 total_blobs=1093, nmethods=656, adapters=343, full_count=0
Compilation: enabled, stopped_count=0, restarted_count=0

Compilation events (20 events):
Event: 0,143 Thread 0x000076842015f7d0  430       3       jdk.internal.loader.ClassLoaders$AppClassLoader::loadClass (40 bytes)
Event: 0,143 Thread 0x000076842015f7d0 nmethod 430 0x000076840889b710 code [0x000076840889b8e0, 0x000076840889bcc8]
Event: 0,143 Thread 0x000076842015f7d0  431       3       jdk.internal.loader.BuiltinClassLoader::loadClass (22 bytes)
Event: 0,143 Thread 0x000076842015f7d0 nmethod 431 0x000076840889be90 code [0x000076840889c040, 0x000076840889c2f0]
Event: 0,145 Thread 0x000076842015f7d0  432       3       java.lang.StringUTF16::compress (47 bytes)
Event: 0,146 Thread 0x000076842015e100 nmethod 425 0x00007684102ec690 code [0x00007684102ec820, 0x00007684102ecb20]
Event: 0,146 Thread 0x000076842015e100  428       4       java.lang.StringLatin1::indexOf (121 bytes)
Event: 0,146 Thread 0x000076842015f7d0 nmethod 432 0x000076840889c410 code [0x000076840889c5c0, 0x000076840889c800]
Event: 0,146 Thread 0x000076842015f7d0  434       3       jdk.internal.loader.URLClassPath$JarLoader::findResource (18 bytes)
Event: 0,146 Thread 0x000076842015f7d0 nmethod 434 0x000076840889c990 code [0x000076840889cb60, 0x000076840889cdc0]
Event: 0,146 Thread 0x000076842015f7d0  433       3       java.lang.Math::max (12 bytes)
Event: 0,146 Thread 0x000076842015f7d0 nmethod 433 0x000076840889ce90 code [0x000076840889d020, 0x000076840889d148]
Event: 0,146 Thread 0x000076842015f7d0  435       3       java.lang.String::indexOf (18 bytes)
Event: 0,146 Thread 0x000076842015f7d0 nmethod 435 0x000076840889d210 code [0x000076840889d3e0, 0x000076840889d6a0]
Event: 0,146 Thread 0x000076842015f7d0  436       3       java.lang.Character::getType (9 bytes)
Event: 0,146 Thread 0x000076842015f7d0 nmethod 436 0x000076840889d810 code [0x000076840889d9c0, 0x000076840889dbb0]
Event: 0,146 Thread 0x000076842015f7d0  437       3       java.lang.CharacterDataLatin1::getType (11 bytes)
Event: 0,146 Thread 0x000076842015f7d0 nmethod 437 0x000076840889dc90 code [0x000076840889de40, 0x000076840889dfe8]
Event: 0,146 Thread 0x000076842015f7d0  438       3       java.net.URL::<init> (8 bytes)
Event: 0,146 Thread 0x000076842015f7d0 nmethod 438 0x000076840889e110 code [0x000076840889e2c0, 0x000076840889e408]

GC Heap History (0 events):
No events

Dll operation events (6 events):
Event: 0,002 Loaded shared library /usr/lib/jvm/java-21-openjdk-amd64/lib/libjava.so
Event: 0,021 Loaded shared library /usr/lib/jvm/java-21-openjdk-amd64/lib/libjsvml.so
Event: 0,032 Loaded shared library /usr/lib/jvm/java-21-openjdk-amd64/lib/libnio.so
Event: 0,035 Loaded shared library /usr/lib/jvm/java-21-openjdk-amd64/lib/libzip.so
Event: 0,042 Loaded shared library /usr/lib/jvm/java-21-openjdk-amd64/lib/libnet.so
Event: 0,107 Loaded shared library /usr/lib/jvm/java-21-openjdk-amd64/lib/libjimage.so

Deoptimization events (10 events):
Event: 0,109 Thread 0x000076842001a680 DEOPT PACKING pc=0x000076840884532c sp=0x00007684265fd100
Event: 0,109 Thread 0x000076842001a680 DEOPT UNPACKING pc=0x000076840fd8b72f sp=0x00007684265fc630 mode 0
Event: 0,109 Thread 0x000076842001a680 DEOPT PACKING pc=0x00007684088174f0 sp=0x00007684265fcb20
Event: 0,109 Thread 0x000076842001a680 DEOPT UNPACKING pc=0x000076840fd8b72f sp=0x00007684265fbf60 mode 0
Event: 0,113 Thread 0x000076842001a680 Uncommon trap: trap_request=0xffffff45 fr.pc=0x00007684102d7fac relative=0x000000000000018c
Event: 0,113 Thread 0x000076842001a680 Uncommon trap: reason=unstable_if action=reinterpret pc=0x00007684102d7fac method=jdk.internal.util.ArraysSupport.vectorizedHashCode(Ljava/lang/Object;IIII)I @ 2 c2
Event: 0,113 Thread 0x000076842001a680 DEOPT PACKING pc=0x00007684102d7fac sp=0x00007684265fd7e0
Event: 0,113 Thread 0x000076842001a680 DEOPT UNPACKING pc=0x000076840fd8af99 sp=0x00007684265fd7b0 mode 2
Event: 0,119 Thread 0x000076842001a680 DEOPT PACKING pc=0x000076840880e1c9 sp=0x00007684265fd330
Event: 0,119 Thread 0x000076842001a680 DEOPT UNPACKING pc=0x000076840fd8b72f sp=0x00007684265fc7b8 mode 0

Classes loaded (20 events):
Event: 0,134 Loading class java/util/AbstractQueue
Event: 0,134 Loading class java/util/AbstractQueue done
Event: 0,134 Loading class java/util/concurrent/LinkedBlockingQueue done
Event: 0,134 Loading class java/util/concurrent/LinkedBlockingQueue$Node
Event: 0,134 Loading class java/util/concurrent/LinkedBlockingQueue$Node done
Event: 0,135 Loading class java/net/URLClassLoader$3
Event: 0,135 Loading class java/net/URLClassLoader$3 done
Event: 0,135 Loading class java/net/URLClassLoader$3$1
Event: 0,135 Loading class java/net/URLClassLoader$3$1 done
Event: 0,135 Loading class java/util/LinkedHashMap$LinkedKeySet
Event: 0,135 Loading class java/util/LinkedHashMap$LinkedKeySet done
Event: 0,135 Loading class java/util/LinkedHashMap$LinkedKeyIterator
Event: 0,135 Loading class java/util/LinkedHashMap$LinkedKeyIterator done
Event: 0,139 Loading class jdk/internal/loader/URLClassPath$FileLoader$1
Event: 0,139 Loading class jdk/internal/loader/URLClassPath$FileLoader$1 done
Event: 0,141 Loading class java/lang/InstantiationException
Event: 0,141 Loading class java/lang/InstantiationException done
Event: 0,144 Loading class java/lang/Class$1
Event: 0,144 Loading class java/lang/Class$1 done
Event: 0,148 Loading class java/lang/StringIndexOutOfBoundsException

Classes unloaded (0 events):
No events

Classes redefined (0 events):
No events

Internal exceptions (6 events):
Event: 0,057 Thread 0x000076842001a680 Exception <a 'java/lang/NoSuchMethodError'{0x000000072022bef0}: 'int java.lang.invoke.DirectMethodHandle$Holder.invokeSpecial(java.lang.Object, java.lang.Object, java.lang.Object)'> (0x000000072022bef0) 
thrown [./src/hotspot/share/interpreter/linkResolver.cpp, line 772]
Event: 0,097 Thread 0x000076842001a680 Exception <a 'java/lang/NoSuchMethodError'{0x00000007203f1278}: 'java.lang.Object java.lang.invoke.Invokers$Holder.invokeExact_MT(java.lang.Object, java.lang.Object, java.lang.Object, java.lang.Object, java.lang.Object)'> (0x00000007203f1278) 
thrown [./src/hotspot/share/interpreter/linkResolver.cpp, line 772]
Event: 0,104 Thread 0x000076842001a680 Exception <a 'java/lang/NullPointerException'{0x000000072003fb20}> (0x000000072003fb20) 
thrown [./src/hotspot/share/interpreter/linkResolver.cpp, line 1372]
Event: 0,111 Thread 0x000076842001a680 Exception <a 'java/lang/UnsatisfiedLinkError'{0x00000007200e2a28}: 'int org.fusesource.jansi.internal.CLibrary.isatty(int)'> (0x00000007200e2a28) 
thrown [./src/hotspot/share/prims/nativeLookup.cpp, line 415]
Event: 0,115 Thread 0x000076842001a680 Exception <a 'java/lang/UnsatisfiedLinkError'{0x00000007201039a8}: 'int org.fusesource.jansi.internal.CLibrary.isatty(int)'> (0x00000007201039a8) 
thrown [./src/hotspot/share/prims/nativeLookup.cpp, line 415]
Event: 0,129 Thread 0x000076842001a680 Exception <a 'java/lang/NoSuchMethodError'{0x0000000720192b18}: 'void java.lang.invoke.DirectMethodHandle$Holder.invokeStatic(java.lang.Object, java.lang.Object, java.lang.Object)'> (0x0000000720192b18) 
thrown [./src/hotspot/share/interpreter/linkResolver.cpp, line 772]

ZGC Phase Switch (0 events):
No events

VM Operations (6 events):
Event: 0,036 Executing non-safepoint VM operation: HandshakeAllThreads (Deoptimize)
Event: 0,036 Executing non-safepoint VM operation: HandshakeAllThreads (Deoptimize) done
Event: 0,109 Executing non-safepoint VM operation: HandshakeAllThreads (Deoptimize)
Event: 0,109 Executing non-safepoint VM operation: HandshakeAllThreads (Deoptimize) done
Event: 0,139 Executing non-safepoint VM operation: HandshakeAllThreads (Deoptimize)
Event: 0,139 Executing non-safepoint VM operation: HandshakeAllThreads (Deoptimize) done

Memory protections (11 events):
Event: 0,002 Protecting memory [0x0000768426500000,0x0000768426504000] with protection modes 0
Event: 0,020 Protecting memory [0x0000768404100000,0x0000768404104000] with protection modes 0
Event: 0,020 Protecting memory [0x0000768404000000,0x0000768404004000] with protection modes 0
Event: 0,020 Protecting memory [0x00007683f5f00000,0x00007683f5f04000] with protection modes 0
Event: 0,020 Protecting memory [0x00007683f5e00000,0x00007683f5e04000] with protection modes 0
Event: 0,021 Protecting memory [0x00007683f5d00000,0x00007683f5d04000] with protection modes 0
Event: 0,021 Protecting memory [0x00007683f5c00000,0x00007683f5c04000] with protection modes 0
Event: 0,021 Protecting memory [0x00007683f5b00000,0x00007683f5b04000] with protection modes 0
Event: 0,031 Protecting memory [0x00007683f592f000,0x00007683f5933000] with protection modes 0
Event: 0,031 Protecting memory [0x00007683f582f000,0x00007683f5833000] with protection modes 0
Event: 0,106 Protecting memory [0x00007683f572f000,0x00007683f5733000] with protection modes 0

Nmethod flushes (0 events):
No events

Events (12 events):
Event: 0,013 Thread 0x000076842001a680 Thread added: 0x000076842001a680
Event: 0,020 Thread 0x000076842001a680 Thread added: 0x0000768420156c80
Event: 0,020 Thread 0x000076842001a680 Thread added: 0x0000768420158200
Event: 0,020 Thread 0x000076842001a680 Thread added: 0x00007684201599b0
Event: 0,020 Thread 0x000076842001a680 Thread added: 0x000076842015b000
Event: 0,021 Thread 0x000076842001a680 Thread added: 0x000076842015c5b0
Event: 0,021 Thread 0x000076842001a680 Thread added: 0x000076842015e100
Event: 0,021 Thread 0x000076842001a680 Thread added: 0x000076842015f7d0
Event: 0,029 Thread 0x000076842001a680 Thread added: 0x0000768420198600
Event: 0,031 Thread 0x000076842001a680 Thread added: 0x000076842019ba60
Event: 0,106 Thread 0x000076842001a680 Thread added: 0x00007684203c6270
Event: 0,110 Thread 0x00007684203c6270 Thread exited: 0x00007684203c6270


Dynamic libraries:
711600000-720600000 rw-p 00000000 00:00 0 
720600000-7ffe00000 ---p 00000000 00:00 0 
7ffe00000-7fff0d000 rw-p 00cdb000 08:02 22291101                         /usr/lib/jvm/java-21-openjdk-amd64/lib/server/classes.jsa
7fff0d000-800000000 rw-p 00000000 00:00 0 
5f8860e88000-5f8860e89000 r--p 00000000 08:02 22290947                   /usr/lib/jvm/java-21-openjdk-amd64/bin/java
5f8860e89000-5f8860e8a000 r-xp 00001000 08:02 22290947                   /usr/lib/jvm/java-21-openjdk-amd64/bin/java
5f8860e8a000-5f8860e8b000 r--p 00002000 08:02 22290947                   /usr/lib/jvm/java-21-openjdk-amd64/bin/java
5f8860e8b000-5f8860e8c000 r--p 00002000 08:02 22290947                   /usr/lib/jvm/java-21-openjdk-amd64/bin/java
5f8860e8c000-5f8860e8d000 rw-p 00003000 08:02 22290947                   /usr/lib/jvm/java-21-openjdk-amd64/bin/java
5f88779be000-5f8877a05000 rw-p 00000000 00:00 0                          [heap]
768374000000-768374021000 rw-p 00000000 00:00 0 
768374021000-768378000000 ---p 00000000 00:00 0 
768378000000-768378076000 rw-p 00000000 00:00 0 
768378076000-76837c000000 ---p 00000000 00:00 0 
76837c000000-76837c151000 rw-p 00000000 00:00 0 
76837c151000-768380000000 ---p 00000000 00:00 0 
768380000000-768380021000 rw-p 00000000 00:00 0 
768380021000-768384000000 ---p 00000000 00:00 0 
768384000000-768384021000 rw-p 00000000 00:00 0 
768384021000-768388000000 ---p 00000000 00:00 0 
768388000000-768388196000 rw-p 00000000 00:00 0 
768388196000-76838c000000 ---p 00000000 00:00 0 
76838c000000-76838c021000 rw-p 00000000 00:00 0 
76838c021000-768390000000 ---p 00000000 00:00 0 
768390000000-768390021000 rw-p 00000000 00:00 0 
768390021000-768394000000 ---p 00000000 00:00 0 
768394000000-768394021000 rw-p 00000000 00:00 0 
768394021000-768398000000 ---p 00000000 00:00 0 
768398000000-768398021000 rw-p 00000000 00:00 0 
768398021000-76839c000000 ---p 00000000 00:00 0 
76839c000000-76839c021000 rw-p 00000000 00:00 0 
76839c021000-7683a0000000 ---p 00000000 00:00 0 
7683a3000000-7683a3160000 rw-p 00000000 00:00 0 
7683a3160000-7683a3400000 ---p 00000000 00:00 0 
7683a3400000-7683a3500000 rw-p 00000000 00:00 0 
7683a3500000-7683a7000000 ---p 00000000 00:00 0 
7683a7000000-7683a7c9c000 rw-p 00001000 08:02 22291101                   /usr/lib/jvm/java-21-openjdk-amd64/lib/server/classes.jsa
7683a7c9c000-7683a8000000 ---p 00000000 00:00 0 
7683a8000000-7683a8030000 rw-p 00000000 00:00 0 
7683a8030000-7683a8040000 ---p 00000000 00:00 0 
7683a8040000-7683a8060000 rw-p 00000000 00:00 0 
7683a8060000-7683e8000000 ---p 00000000 00:00 0 
7683e8000000-7683e8021000 rw-p 00000000 00:00 0 
7683e8021000-7683ec000000 ---p 00000000 00:00 0 
7683ec000000-7683ec021000 rw-p 00000000 00:00 0 
7683ec021000-7683f0000000 ---p 00000000 00:00 0 
7683f0000000-7683f0021000 rw-p 00000000 00:00 0 
7683f0021000-7683f4000000 ---p 00000000 00:00 0 
7683f52ce000-7683f572f000 rw-p 00000000 00:00 0 
7683f572f000-7683f5733000 ---p 00000000 00:00 0 
7683f5733000-7683f582f000 rw-p 00000000 00:00 0 
7683f582f000-7683f5833000 ---p 00000000 00:00 0 
7683f5833000-7683f592f000 rw-p 00000000 00:00 0 
7683f592f000-7683f5933000 ---p 00000000 00:00 0 
7683f5933000-7683f5a2f000 rw-p 00000000 00:00 0 
7683f5a2f000-7683f5a34000 r--p 00000000 08:02 22291082                   /usr/lib/jvm/java-21-openjdk-amd64/lib/libjsvml.so
7683f5a34000-7683f5a75000 r-xp 00005000 08:02 22291082                   /usr/lib/jvm/java-21-openjdk-amd64/lib/libjsvml.so
7683f5a75000-7683f5afe000 r--p 00046000 08:02 22291082                   /usr/lib/jvm/java-21-openjdk-amd64/lib/libjsvml.so
7683f5afe000-7683f5aff000 r--p 000ce000 08:02 22291082                   /usr/lib/jvm/java-21-openjdk-amd64/lib/libjsvml.so
7683f5aff000-7683f5b00000 rw-p 000cf000 08:02 22291082                   /usr/lib/jvm/java-21-openjdk-amd64/lib/libjsvml.so
7683f5b00000-7683f5b04000 ---p 00000000 00:00 0 
7683f5b04000-7683f5c00000 rw-p 00000000 00:00 0 
7683f5c00000-7683f5c04000 ---p 00000000 00:00 0 
7683f5c04000-7683f5d00000 rw-p 00000000 00:00 0 
7683f5d00000-7683f5d04000 ---p 00000000 00:00 0 
7683f5d04000-7683f5e00000 rw-p 00000000 00:00 0 
7683f5e00000-7683f5e04000 ---p 00000000 00:00 0 
7683f5e04000-7683f5f00000 rw-p 00000000 00:00 0 
7683f5f00000-7683f5f04000 ---p 00000000 00:00 0 
7683f5f04000-7683f6000000 rw-p 00000000 00:00 0 
7683f6000000-7683f8021000 rw-p 00000000 00:00 0 
7683f8021000-7683fc000000 ---p 00000000 00:00 0 
7683fc000000-7683fc021000 rw-p 00000000 00:00 0 
7683fc021000-768400000000 ---p 00000000 00:00 0 
768400000000-768400021000 rw-p 00000000 00:00 0 
768400021000-768404004000 ---p 00000000 00:00 0 
768404004000-768404100000 rw-p 00000000 00:00 0 
768404100000-768404104000 ---p 00000000 00:00 0 
768404104000-768404200000 rw-p 00000000 00:00 0 
768404200000-7684044ee000 r--p 00000000 08:02 21758875                   /usr/lib/locale/locale-archive
768404551000-768404955000 rw-p 00000000 00:00 0 
768404955000-768405018000 rw-p 00000000 00:00 0 
768405018000-7684087f8000 ---p 00000000 00:00 0 
7684087f8000-768408800000 rw-p 00000000 00:00 0 
768408800000-768408a70000 rwxp 00000000 00:00 0 
768408a70000-76840fd37000 ---p 00000000 00:00 0 
76840fd37000-76840ffa7000 rwxp 00000000 00:00 0 
76840ffa7000-7684102c9000 ---p 00000000 00:00 0 
7684102c9000-768410539000 rwxp 00000000 00:00 0 
768410539000-768417800000 ---p 00000000 00:00 0 
768417800000-76841fe53000 r--s 00000000 08:02 22291098                   /usr/lib/jvm/java-21-openjdk-amd64/lib/modules
76841fe77000-76841fe7e000 r--s 00000000 08:02 21761101                   /usr/lib/x86_64-linux-gnu/gconv/gconv-modules.cache
76841fe7e000-768420479000 rw-p 00000000 00:00 0 
768420479000-768424000000 ---p 00000000 00:00 0 
768424006000-768424009000 r--p 00000000 08:02 22291089                   /usr/lib/jvm/java-21-openjdk-amd64/lib/libnet.so
768424009000-768424011000 r-xp 00003000 08:02 22291089                   /usr/lib/jvm/java-21-openjdk-amd64/lib/libnet.so
768424011000-768424013000 r--p 0000b000 08:02 22291089                   /usr/lib/jvm/java-21-openjdk-amd64/lib/libnet.so
768424013000-768424014000 r--p 0000c000 08:02 22291089                   /usr/lib/jvm/java-21-openjdk-amd64/lib/libnet.so
768424014000-768424015000 rw-p 0000d000 08:02 22291089                   /usr/lib/jvm/java-21-openjdk-amd64/lib/libnet.so
768424015000-7684246b7000 rw-p 00000000 00:00 0 
7684246b7000-7684249ba000 rw-p 00000000 00:00 0 
7684249ba000-768424aae000 rw-p 00000000 00:00 0 
768424aae000-7684251aa000 ---p 00000000 00:00 0 
7684251aa000-768425223000 rw-p 00000000 00:00 0 
768425223000-76842591f000 ---p 00000000 00:00 0 
76842591f000-76842632f000 rw-p 00000000 00:00 0 
76842632f000-768426415000 ---p 00000000 00:00 0 
768426415000-76842641a000 rw-p 00000000 00:00 0 
76842641a000-768426500000 ---p 00000000 00:00 0 
768426500000-768426504000 ---p 00000000 00:00 0 
768426504000-768426600000 rw-p 00000000 00:00 0 
768426600000-7684266a3000 r--p 00000000 08:02 21789239                   /usr/lib/x86_64-linux-gnu/libstdc++.so.6.0.35
7684266a3000-7684267fe000 r-xp 000a3000 08:02 21789239                   /usr/lib/x86_64-linux-gnu/libstdc++.so.6.0.35
7684267fe000-76842688a000 r--p 001fe000 08:02 21789239                   /usr/lib/x86_64-linux-gnu/libstdc++.so.6.0.35
76842688a000-768426899000 r--p 0028a000 08:02 21789239                   /usr/lib/x86_64-linux-gnu/libstdc++.so.6.0.35
768426899000-76842689c000 rw-p 00299000 08:02 21789239                   /usr/lib/x86_64-linux-gnu/libstdc++.so.6.0.35
76842689c000-7684268a0000 rw-p 00000000 00:00 0 
7684268a0000-7684268a7000 r--p 00000000 08:02 22291090                   /usr/lib/jvm/java-21-openjdk-amd64/lib/libnio.so
7684268a7000-7684268b0000 r-xp 00007000 08:02 22291090                   /usr/lib/jvm/java-21-openjdk-amd64/lib/libnio.so
7684268b0000-7684268b4000 r--p 00010000 08:02 22291090                   /usr/lib/jvm/java-21-openjdk-amd64/lib/libnio.so
7684268b4000-7684268b5000 r--p 00014000 08:02 22291090                   /usr/lib/jvm/java-21-openjdk-amd64/lib/libnio.so
7684268b5000-7684268b6000 rw-p 00015000 08:02 22291090                   /usr/lib/jvm/java-21-openjdk-amd64/lib/libnio.so
7684268b6000-7684268c3000 r--p 00000000 08:02 22291075                   /usr/lib/jvm/java-21-openjdk-amd64/lib/libjava.so
7684268c3000-7684268d2000 r-xp 0000d000 08:02 22291075                   /usr/lib/jvm/java-21-openjdk-amd64/lib/libjava.so
7684268d2000-7684268d7000 r--p 0001c000 08:02 22291075                   /usr/lib/jvm/java-21-openjdk-amd64/lib/libjava.so
7684268d7000-7684268d8000 r--p 00021000 08:02 22291075                   /usr/lib/jvm/java-21-openjdk-amd64/lib/libjava.so
7684268d8000-7684268d9000 rw-p 00022000 08:02 22291075                   /usr/lib/jvm/java-21-openjdk-amd64/lib/libjava.so
7684268d9000-7684268da000 rw-p 00000000 00:00 0 
7684268da000-7684268ec000 r--p 00000000 08:02 21761108                   /usr/lib/x86_64-linux-gnu/libm.so.6
7684268ec000-76842698c000 r-xp 00012000 08:02 21761108                   /usr/lib/x86_64-linux-gnu/libm.so.6
76842698c000-7684269fe000 r--p 000b2000 08:02 21761108                   /usr/lib/x86_64-linux-gnu/libm.so.6
7684269fe000-7684269ff000 r--p 00123000 08:02 21761108                   /usr/lib/x86_64-linux-gnu/libm.so.6
7684269ff000-768426a00000 rw-p 00124000 08:02 21761108                   /usr/lib/x86_64-linux-gnu/libm.so.6
768426a00000-768426caa000 r--p 00000000 08:02 22291104                   /usr/lib/jvm/java-21-openjdk-amd64/lib/server/libjvm.so
768426caa000-768427b91000 r-xp 002aa000 08:02 22291104                   /usr/lib/jvm/java-21-openjdk-amd64/lib/server/libjvm.so
768427b91000-768427e65000 r--p 01191000 08:02 22291104                   /usr/lib/jvm/java-21-openjdk-amd64/lib/server/libjvm.so
768427e65000-768427f3b000 r--p 01464000 08:02 22291104                   /usr/lib/jvm/java-21-openjdk-amd64/lib/server/libjvm.so
768427f3b000-768427f6b000 rw-p 0153a000 08:02 22291104                   /usr/lib/jvm/java-21-openjdk-amd64/lib/server/libjvm.so
768427f6b000-768427fd1000 rw-p 00000000 00:00 0 
768427fd2000-768427fd6000 r--p 00000000 08:02 21788823                   /usr/lib/x86_64-linux-gnu/libgcc_s.so.1
768427fd6000-768427ffa000 r-xp 00004000 08:02 21788823                   /usr/lib/x86_64-linux-gnu/libgcc_s.so.1
768427ffa000-768427ffe000 r--p 00028000 08:02 21788823                   /usr/lib/x86_64-linux-gnu/libgcc_s.so.1
768427ffe000-768427fff000 r--p 0002c000 08:02 21788823                   /usr/lib/x86_64-linux-gnu/libgcc_s.so.1
768427fff000-768428000000 rw-p 0002d000 08:02 21788823                   /usr/lib/x86_64-linux-gnu/libgcc_s.so.1
768428000000-768428028000 r--p 00000000 08:02 21761105                   /usr/lib/x86_64-linux-gnu/libc.so.6
768428028000-7684281c0000 r-xp 00028000 08:02 21761105                   /usr/lib/x86_64-linux-gnu/libc.so.6
7684281c0000-76842820e000 r--p 001c0000 08:02 21761105                   /usr/lib/x86_64-linux-gnu/libc.so.6
76842820e000-768428212000 r--p 0020d000 08:02 21761105                   /usr/lib/x86_64-linux-gnu/libc.so.6
768428212000-768428214000 rw-p 00211000 08:02 21761105                   /usr/lib/x86_64-linux-gnu/libc.so.6
768428214000-768428221000 rw-p 00000000 00:00 0 
768428221000-768428223000 r--p 00000000 08:02 22291097                   /usr/lib/jvm/java-21-openjdk-amd64/lib/libzip.so
768428223000-768428228000 r-xp 00002000 08:02 22291097                   /usr/lib/jvm/java-21-openjdk-amd64/lib/libzip.so
768428228000-76842822a000 r--p 00007000 08:02 22291097                   /usr/lib/jvm/java-21-openjdk-amd64/lib/libzip.so
76842822a000-76842822b000 r--p 00008000 08:02 22291097                   /usr/lib/jvm/java-21-openjdk-amd64/lib/libzip.so
76842822b000-76842822c000 rw-p 00009000 08:02 22291097                   /usr/lib/jvm/java-21-openjdk-amd64/lib/libzip.so
76842822c000-768428231000 rw-p 00000000 00:00 0 
768428231000-768428238000 ---p 00000000 00:00 0 
768428238000-768428240000 rw-s 00000000 00:2e 990                        /tmp/hsperfdata_gustavodev/23030
768428240000-768428242000 rw-p 00000000 00:00 0 
768428242000-768428244000 r--p 00000000 08:02 22291079                   /usr/lib/jvm/java-21-openjdk-amd64/lib/libjli.so
768428244000-76842824e000 r-xp 00002000 08:02 22291079                   /usr/lib/jvm/java-21-openjdk-amd64/lib/libjli.so
76842824e000-768428251000 r--p 0000c000 08:02 22291079                   /usr/lib/jvm/java-21-openjdk-amd64/lib/libjli.so
768428251000-768428252000 r--p 0000f000 08:02 22291079                   /usr/lib/jvm/java-21-openjdk-amd64/lib/libjli.so
768428252000-768428253000 rw-p 00010000 08:02 22291079                   /usr/lib/jvm/java-21-openjdk-amd64/lib/libjli.so
768428253000-768428256000 r--p 00000000 08:02 21789374                   /usr/lib/x86_64-linux-gnu/libz.so.1.3.1
768428256000-768428269000 r-xp 00003000 08:02 21789374                   /usr/lib/x86_64-linux-gnu/libz.so.1.3.1
768428269000-76842826f000 r--p 00016000 08:02 21789374                   /usr/lib/x86_64-linux-gnu/libz.so.1.3.1
76842826f000-768428270000 r--p 0001c000 08:02 21789374                   /usr/lib/x86_64-linux-gnu/libz.so.1.3.1
768428270000-768428271000 rw-p 0001d000 08:02 21789374                   /usr/lib/x86_64-linux-gnu/libz.so.1.3.1
768428277000-768428278000 ---p 00000000 00:00 0 
768428278000-768428279000 r--p 00000000 00:00 0 
768428279000-76842827a000 ---p 00000000 00:00 0 
76842827a000-76842827c000 r--p 00000000 08:02 22291078                   /usr/lib/jvm/java-21-openjdk-amd64/lib/libjimage.so
76842827c000-76842827f000 r-xp 00002000 08:02 22291078                   /usr/lib/jvm/java-21-openjdk-amd64/lib/libjimage.so
76842827f000-768428280000 r--p 00005000 08:02 22291078                   /usr/lib/jvm/java-21-openjdk-amd64/lib/libjimage.so
768428280000-768428281000 r--p 00006000 08:02 22291078                   /usr/lib/jvm/java-21-openjdk-amd64/lib/libjimage.so
768428281000-768428282000 rw-p 00007000 08:02 22291078                   /usr/lib/jvm/java-21-openjdk-amd64/lib/libjimage.so
768428282000-768428284000 rw-p 00000000 00:00 0 
768428284000-768428288000 r--p 00000000 00:00 0                          [vvar]
768428288000-76842828a000 r--p 00000000 00:00 0                          [vvar_vclock]
76842828a000-76842828c000 r-xp 00000000 00:00 0                          [vdso]
76842828c000-76842828d000 r--p 00000000 08:02 21761102                   /usr/lib/x86_64-linux-gnu/ld-linux-x86-64.so.2
76842828d000-7684282bc000 r-xp 00001000 08:02 21761102                   /usr/lib/x86_64-linux-gnu/ld-linux-x86-64.so.2
7684282bc000-7684282c7000 r--p 00030000 08:02 21761102                   /usr/lib/x86_64-linux-gnu/ld-linux-x86-64.so.2
7684282c7000-7684282c9000 r--p 0003b000 08:02 21761102                   /usr/lib/x86_64-linux-gnu/ld-linux-x86-64.so.2
7684282c9000-7684282ca000 rw-p 0003d000 08:02 21761102                   /usr/lib/x86_64-linux-gnu/ld-linux-x86-64.so.2
7684282ca000-7684282cb000 rw-p 00000000 00:00 0 
7fff2ed29000-7fff2ed4b000 rw-p 00000000 00:00 0                          [stack]
ffffffffff600000-ffffffffff601000 --xp 00000000 00:00 0                  [vsyscall]
Total number of mappings: 189

JVMTI agents: none


VM Arguments:
jvm_args: --enable-native-access=ALL-UNNAMED -Djansi.mode=force -Dclassworlds.conf=/usr/share/maven/bin/m2.conf -Dmaven.home=/usr/share/maven -Dlibrary.jansi.path=/usr/share/maven/lib/jansi-native -Dmaven.multiModuleProjectDirectory=/home/gustavodev/Documentos/def4ult-crm/def4ultcompany-crm 
java_command: org.codehaus.plexus.classworlds.launcher.Launcher clean
java_class_path (initial): /usr/share/maven/boot/plexus-classworlds-2.x.jar
Launcher Type: SUN_STANDARD

[Global flags]
     intx CICompilerCount                          = 4                                         {product} {ergonomic}
     uint ConcGCThreads                            = 3                                         {product} {ergonomic}
     uint G1ConcRefinementThreads                  = 10                                        {product} {ergonomic}
   size_t G1HeapRegionSize                         = 2097152                                   {product} {ergonomic}
    uintx GCDrainStackTargetSize                   = 64                                        {product} {ergonomic}
   size_t InitialHeapSize                          = 251658240                                 {product} {ergonomic}
   size_t MarkStackSize                            = 4194304                                   {product} {ergonomic}
   size_t MaxHeapSize                              = 4003463168                                {product} {ergonomic}
   size_t MaxNewSize                               = 2401239040                                {product} {ergonomic}
   size_t MinHeapDeltaBytes                        = 2097152                                   {product} {ergonomic}
   size_t MinHeapSize                              = 8388608                                   {product} {ergonomic}
    uintx NonNMethodCodeHeapSize                   = 5839372                                {pd product} {ergonomic}
    uintx NonProfiledCodeHeapSize                  = 122909434                              {pd product} {ergonomic}
    uintx ProfiledCodeHeapSize                     = 122909434                              {pd product} {ergonomic}
    uintx ReservedCodeCacheSize                    = 251658240                              {pd product} {ergonomic}
     bool SegmentedCodeCache                       = true                                      {product} {ergonomic}
   size_t SoftMaxHeapSize                          = 4003463168                             {manageable} {ergonomic}
     bool UseCompressedOops                        = true                           {product lp64_product} {ergonomic}
     bool UseG1GC                                  = true                                      {product} {ergonomic}

Logging:
Log output configuration:
 #0: stdout all=warning uptime,level,tags foldmultilines=false
 #1: stderr all=off uptime,level,tags foldmultilines=false

Release file:
IMPLEMENTOR="Ubuntu"
JAVA_RUNTIME_VERSION="21.0.11+10-1-26.04.2-Ubuntu"
JAVA_VERSION="21.0.11"
JAVA_VERSION_DATE="2026-04-21"
LIBC="gnu"
MODULES="java.base java.compiler java.datatransfer java.xml java.prefs java.desktop java.instrument java.logging java.management java.security.sasl java.naming java.rmi java.management.rmi java.net.http java.scripting java.security.jgss java.transaction.xa java.sql java.sql.rowset java.xml.crypto java.se java.smartcardio jdk.accessibility jdk.internal.jvmstat jdk.attach jdk.charsets jdk.internal.opt jdk.zipfs jdk.compiler jdk.crypto.ec jdk.crypto.cryptoki jdk.dynalink jdk.internal.ed jdk.editpad jdk.hotspot.agent jdk.httpserver jdk.incubator.vector jdk.internal.le jdk.internal.vm.ci jdk.internal.vm.compiler jdk.internal.vm.compiler.management jdk.jartool jdk.javadoc jdk.jcmd jdk.management jdk.management.agent jdk.jconsole jdk.jdeps jdk.jdwp.agent jdk.jdi jdk.jfr jdk.jlink jdk.jpackage jdk.jshell jdk.jsobject jdk.jstatd jdk.localedata jdk.management.jfr jdk.naming.dns jdk.naming.rmi jdk.net jdk.nio.mapmode jdk.random jdk.sctp jdk.security.auth jdk.security.jgss jdk.unsupported jdk.unsupported.desktop jdk.xml.dom"
OS_ARCH="x86_64"
OS_NAME="Linux"
SOURCE=""

Environment Variables:
PATH=/usr/local/sbin:/usr/local/bin:/usr/sbin:/usr/bin:/sbin:/bin:/usr/games:/usr/local/games:/snap/bin:/snap/bin
USERNAME=gustavodev
SHELL=/bin/bash
DISPLAY=:0
WAYLAND_DISPLAY=wayland-0
LANG=pt_BR.UTF-8
TERM=xterm-256color

Active Locale:
LC_ALL=pt_BR.UTF-8
LC_COLLATE=pt_BR.UTF-8
LC_CTYPE=pt_BR.UTF-8
LC_MESSAGES=pt_BR.UTF-8
LC_MONETARY=pt_BR.UTF-8
LC_NUMERIC=pt_BR.UTF-8
LC_TIME=pt_BR.UTF-8

Signal Handlers:
   SIGSEGV: crash_handler in libjvm.so, mask=11100100010111111101111111111110, flags=SA_RESTART|SA_SIGINFO, unblocked
    SIGBUS: crash_handler in libjvm.so, mask=11100100010111111101111111111110, flags=SA_RESTART|SA_SIGINFO, unblocked
    SIGFPE: crash_handler in libjvm.so, mask=11100100010111111101111111111110, flags=SA_RESTART|SA_SIGINFO, unblocked
   SIGPIPE: javaSignalHandler in libjvm.so, mask=11100100010111111101111111111110, flags=SA_RESTART|SA_SIGINFO, blocked
   SIGXFSZ: javaSignalHandler in libjvm.so, mask=11100100010111111101111111111110, flags=SA_RESTART|SA_SIGINFO, blocked
    SIGILL: crash_handler in libjvm.so, mask=11100100010111111101111111111110, flags=SA_RESTART|SA_SIGINFO, unblocked
   SIGUSR2: SR_handler in libjvm.so, mask=00000000000000000000000000000000, flags=SA_RESTART|SA_SIGINFO, blocked
    SIGHUP: UserHandler in libjvm.so, mask=11100100010111111101111111111110, flags=SA_RESTART|SA_SIGINFO, blocked
    SIGINT: UserHandler in libjvm.so, mask=11100100010111111101111111111110, flags=SA_RESTART|SA_SIGINFO, blocked
   SIGTERM: UserHandler in libjvm.so, mask=11100100010111111101111111111110, flags=SA_RESTART|SA_SIGINFO, blocked
   SIGQUIT: UserHandler in libjvm.so, mask=11100100010111111101111111111110, flags=SA_RESTART|SA_SIGINFO, blocked
   SIGTRAP: crash_handler in libjvm.so, mask=11100100010111111101111111111110, flags=SA_RESTART|SA_SIGINFO, unblocked


Periodic native trim disabled

---------------  S Y S T E M  ---------------

OS:
DISTRIB_ID=Ubuntu
DISTRIB_RELEASE=26.04
DISTRIB_CODENAME=resolute
DISTRIB_DESCRIPTION="Ubuntu 26.04 LTS"
uname: Linux 7.0.0-28-generic #28-Ubuntu SMP PREEMPT_DYNAMIC Sun Jun 21 01:01:36 UTC 2026 x86_64
OS uptime: 0 days 0:49 hours
libc: glibc 2.43 NPTL 2.43 
rlimit (soft/hard): STACK 8192k/infinity , CORE 0k/infinity , NPROC 50425/50425 , NOFILE 524288/524288 , AS infinity/infinity , CPU infinity/infinity , DATA infinity/infinity , FSIZE infinity/infinity , MEMLOCK 8192k/8192k
load average: 1,66 1,69 1,53

/proc/meminfo:
MemTotal:       15630572 kB
MemFree:         2492644 kB
MemAvailable:    7218196 kB
Buffers:          121520 kB
Cached:          5181416 kB
SwapCached:            0 kB
Active:         10003008 kB
Inactive:        2141288 kB
Active(anon):    7252144 kB
Inactive(anon):        0 kB
Active(file):    2750864 kB
Inactive(file):  2141288 kB
Unevictable:         236 kB
Mlocked:             236 kB
SwapTotal:       4194300 kB
SwapFree:        4194300 kB
Zswap:                 0 kB
Zswapped:              0 kB
Dirty:              3716 kB
Writeback:             0 kB
AnonPages:       6842276 kB
Mapped:          1987092 kB
Shmem:            410952 kB
KReclaimable:     169984 kB
Slab:             401092 kB
SReclaimable:     169984 kB
SUnreclaim:       231108 kB
KernelStack:       26492 kB
PageTables:        76780 kB
SecPageTables:      3180 kB
NFS_Unstable:          0 kB
Bounce:                0 kB
WritebackTmp:          0 kB
CommitLimit:    12009584 kB
Committed_AS:   30161780 kB
VmallocTotal:   34359738367 kB
VmallocUsed:       79600 kB
VmallocChunk:          0 kB
Percpu:            13248 kB
HardwareCorrupted:     0 kB
AnonHugePages:         0 kB
ShmemHugePages:        0 kB
ShmemPmdMapped:        0 kB
FileHugePages:     94208 kB
FilePmdMapped:         0 kB
CmaTotal:              0 kB
CmaFree:         1220020 kB
Unaccepted:            0 kB
Balloon:               0 kB
HugePages_Total:       0
HugePages_Free:        0
HugePages_Rsvd:        0
HugePages_Surp:        0
Hugepagesize:       2048 kB
Hugetlb:               0 kB
DirectMap4k:      425896 kB
DirectMap2M:    12990464 kB
DirectMap1G:     3145728 kB

/sys/kernel/mm/transparent_hugepage/enabled: always [madvise] never
/sys/kernel/mm/transparent_hugepage/hpage_pmd_size: 2097152
/sys/kernel/mm/transparent_hugepage/defrag (defrag/compaction efforts parameter): always defer defer+madvise [madvise] never

Process Memory:
Virtual Size: 6793052K (peak: 6793216K)
Resident Set Size: 63056K (peak: 63056K) (anon: 38176K, file: 24848K, shmem: 32K)
Swapped out: 0K
C-Heap outstanding allocations: 33999K, retained: 2140K
glibc malloc tunables: (default)

/proc/sys/kernel/threads-max (system-wide limit on the number of threads): 100850
/proc/sys/vm/max_map_count (maximum number of memory map areas a process may have): 1048576
/proc/sys/vm/swappiness (control to define how aggressively the kernel swaps out anonymous memory): 60
/proc/sys/kernel/pid_max (system-wide limit on number of process identifiers): 4194304

container information not found.
Steal ticks since vm start: 0
Steal ticks percentage since vm start:  0,000

CPU: total 12 (initial active 12) (12 cores per cpu, 2 threads per core) family 23 model 96 stepping 1 microcode 0x860010d, cx8, cmov, fxsr, ht, mmx, 3dnowpref, sse, sse2, sse3, ssse3, sse4a, sse4.1, sse4.2, popcnt, lzcnt, tsc, tscinvbit, avx, avx2, aes, clmul, bmi1, bmi2, adx, sha, fma, vzeroupper, clflush, clflushopt, rdtscp, rdpid, f16c
CPU Model and flags from /proc/cpuinfo:
model name	: AMD Ryzen 5 4500 6-Core Processor
flags		: fpu vme de pse tsc msr pae mce cx8 apic sep mtrr pge mca cmov pat pse36 clflush mmx fxsr sse sse2 ht syscall nx mmxext fxsr_opt pdpe1gb rdtscp lm constant_tsc rep_good nopl xtopology nonstop_tsc cpuid extd_apicid aperfmperf rapl pni pclmulqdq monitor ssse3 fma cx16 sse4_1 sse4_2 x2apic movbe popcnt aes xsave avx f16c rdrand lahf_lm cmp_legacy extapic cr8_legacy abm sse4a misalignsse 3dnowprefetch osvw ibs skinit wdt tce topoext perfctr_core perfctr_nb bpext perfctr_llc mwaitx cpb cat_l3 cdp_l3 hw_pstate ssbd mba ibrs ibpb stibp vmmcall fsgsbase bmi1 avx2 smep bmi2 cqm rdt_a rdseed adx smap clflushopt clwb sha_ni xsaveopt xsavec xgetbv1 cqm_llc cqm_occup_llc cqm_mbm_total cqm_mbm_local clzero irperf xsaveerptr rdpru wbnoinvd cppc arat npt lbrv svm_lock nrip_save tsc_scale vmcb_clean flushbyasid decodeassists pausefilter pfthreshold avic v_vmsave_vmload vgif v_spec_ctrl umip rdpid overflow_recov succor smca

Online cpus: 0-11
Offline cpus: 
BIOS frequency limitation: <Not Available>
Frequency switch latency (ns): 0
Available cpu frequencies: <Not Available>
Current governor: powersave
Core performance/turbo boost: 1

Memory: 4k page, physical 15630572k(7218196k free), swap 4194300k(4194300k free)
Page Sizes: 4k

vm_info: OpenJDK 64-Bit Server VM (21.0.11+10-1-26.04.2-Ubuntu) for linux-amd64 JRE (21.0.11+10-1-26.04.2-Ubuntu), built on 2026-04-26T09:33:56Z by "buildd" with gcc 15.2.0

END.
